#-----------------------------------------------------------
# Vivado v2017.3 (64-bit)
# SW Build 2018833 on Wed Oct  4 19:58:22 MDT 2017
# IP Build 2016188 on Wed Oct  4 21:52:56 MDT 2017
# Start of session at: Sat Jul 21 13:12:01 2018
# Process ID: 9156
# Current directory: D:/ME/FPGA CD_rev2_1/deney6_sayici_devre
# Command line: vivado.exe -gui_launcher_event rodinguilauncherevent8940 D:\ME\FPGA CD_rev2_1\deney6_sayici_devre\deney6_sayici_devre.xpr
# Log file: D:/ME/FPGA CD_rev2_1/deney6_sayici_devre/vivado.log
# Journal file: D:/ME/FPGA CD_rev2_1/deney6_sayici_devre\vivado.jou
#-----------------------------------------------------------
start_gui
open_project {D:/ME/FPGA CD_rev2_1/deney6_sayici_devre/deney6_sayici_devre.xpr}
update_compile_order -fileset sources_1
open_hw
connect_hw_server
open_hw_target
set_property PROGRAM.FILE {D:/ME/FPGA CD_rev2_1/deney6_sayici_devre/deney6_sayici_devre.runs/impl_1/sayici_devre.bit} [get_hw_devices xc7a35t_0]
current_hw_device [get_hw_devices xc7a35t_0]
refresh_hw_device -update_hw_probes false [lindex [get_hw_devices xc7a35t_0] 0]
set_property PROBES.FILE {} [get_hw_devices xc7a35t_0]
set_property FULL_PROBES.FILE {} [get_hw_devices xc7a35t_0]
set_property PROGRAM.FILE {D:/ME/FPGA CD_rev2_1/deney7_step_motor/deney7_step_motor.runs/impl_1/step_motor.bit} [get_hw_devices xc7a35t_0]
program_hw_devices [get_hw_devices xc7a35t_0]
refresh_hw_device [lindex [get_hw_devices xc7a35t_0] 0]
set_property PROBES.FILE {} [get_hw_devices xc7a35t_0]
set_property FULL_PROBES.FILE {} [get_hw_devices xc7a35t_0]
set_property PROGRAM.FILE {D:/ME/FPGA CD_rev2_1/deney8_LCD/Uygulama1/deney8_LCD.runs/impl_1/lcd.bit} [get_hw_devices xc7a35t_0]
program_hw_devices [get_hw_devices xc7a35t_0]
refresh_hw_device [lindex [get_hw_devices xc7a35t_0] 0]
set_property PROBES.FILE {} [get_hw_devices xc7a35t_0]
set_property FULL_PROBES.FILE {} [get_hw_devices xc7a35t_0]
set_property PROGRAM.FILE {D:/ME/FPGA CD_rev2_1/deney8_LCD/Uygulama2/lcd/lcd.runs/impl_1/lcd.bit} [get_hw_devices xc7a35t_0]
program_hw_devices [get_hw_devices xc7a35t_0]
refresh_hw_device [lindex [get_hw_devices xc7a35t_0] 0]
set_property PROBES.FILE {} [get_hw_devices xc7a35t_0]
set_property FULL_PROBES.FILE {} [get_hw_devices xc7a35t_0]
set_property PROGRAM.FILE {D:/ME/FPGA CD_rev2_1/deney8_LCD/Uygulama2/lcd/lcd.runs/impl_1/lcd.bit} [get_hw_devices xc7a35t_0]
program_hw_devices [get_hw_devices xc7a35t_0]
refresh_hw_device [lindex [get_hw_devices xc7a35t_0] 0]
